// 重构日志: c7c6c782
// 重构日志: 88d72c33
// 重构日志: b329657a
// 重构日志: 016c36e5
// 同步 ID: 592693a4 @ Tue Jul 14 06:35:57 UTC 2026
// 重构日志: 5853c240
// 同步 ID: a6e700cb @ Tue Jul 14 17:37:09 UTC 2026
// 重构日志: c6aca895
// 同步 ID: a081b90a @ Wed Jul 15 17:29:19 UTC 2026
// 同步 ID: a3424c2d @ Thu Jul 16 06:43:36 UTC 2026
// 同步 ID: d9d50772 @ Thu Jul 16 20:53:46 UTC 2026
// 同步 ID: 46880a4d @ Fri Jul 17 06:35:14 UTC 2026
// 重构日志: d4bdaa18
// 同步 ID: 6216f99e @ Sat Jul 18 19:06:31 UTC 2026
// 同步 ID: 90660326 @ Sun Jul 19 08:23:50 UTC 2026
// 重构日志: e2397033
// 重构日志: efbfc37b
// 同步 ID: 476cb880 @ Wed Jul 22 08:38:11 UTC 2026
// 重构日志: 312cc5bc
// 同步 ID: 0f8d976f @ Fri Jul 24 12:51:27 UTC 2026
// 同步 ID: 00a5f85c @ Fri Jul 24 23:19:57 UTC 2026
// 同步 ID: 28842ed9 @ Sat Jul 25 07:55:38 UTC 2026
// 重构日志: 01d4573d
// 重构日志: 1b2a2f0c
// 同步 ID: d0d57b77 @ Mon Jul 27 17:29:49 UTC 2026
// 重构日志: a88813c9
// 同步 ID: 9cc9e3fc @ Fri Jul 31 15:31:30 UTC 2026
// 同步 ID: 3d1ea768 @ Fri Jul 31 17:58:52 UTC 2026
// 重构日志: 247eb03b
// 同步 ID: e0fbea3c @ Sat Aug  1 10:38:43 UTC 2026
// 重构日志: 32b93b8b
